------------------------------------------------------------
Timing Analyzer Summary
------------------------------------------------------------

Type  : Slow 1200mV 85C Model Setup 'clk'
Slack : -11.270
TNS   : -6342.976

Type  : Slow 1200mV 85C Model Setup 'instruction[0]'
Slack : -7.050
TNS   : -130.740

Type  : Slow 1200mV 85C Model Hold 'instruction[0]'
Slack : -0.465
TNS   : -2.452

Type  : Slow 1200mV 85C Model Hold 'clk'
Slack : 0.339
TNS   : 0.000

Type  : Slow 1200mV 85C Model Minimum Pulse Width 'clk'
Slack : -3.000
TNS   : -1699.198

Type  : Slow 1200mV 85C Model Minimum Pulse Width 'instruction[0]'
Slack : -1.286
TNS   : -96.353

Type  : Slow 1200mV 0C Model Setup 'clk'
Slack : -10.133
TNS   : -5713.309

Type  : Slow 1200mV 0C Model Setup 'instruction[0]'
Slack : -6.610
TNS   : -122.079

Type  : Slow 1200mV 0C Model Hold 'instruction[0]'
Slack : -0.320
TNS   : -1.229

Type  : Slow 1200mV 0C Model Hold 'clk'
Slack : 0.342
TNS   : 0.000

Type  : Slow 1200mV 0C Model Minimum Pulse Width 'clk'
Slack : -3.000
TNS   : -1698.864

Type  : Slow 1200mV 0C Model Minimum Pulse Width 'instruction[0]'
Slack : -1.227
TNS   : -78.853

Type  : Fast 1200mV 0C Model Setup 'clk'
Slack : -5.060
TNS   : -2615.692

Type  : Fast 1200mV 0C Model Setup 'instruction[0]'
Slack : -3.676
TNS   : -51.032

Type  : Fast 1200mV 0C Model Hold 'instruction[0]'
Slack : -0.309
TNS   : -4.504

Type  : Fast 1200mV 0C Model Hold 'clk'
Slack : 0.132
TNS   : 0.000

Type  : Fast 1200mV 0C Model Minimum Pulse Width 'clk'
Slack : -3.000
TNS   : -1358.110

Type  : Fast 1200mV 0C Model Minimum Pulse Width 'instruction[0]'
Slack : -0.529
TNS   : -20.470

------------------------------------------------------------
